// Jest Snapshot v1, https://goo.gl/fbAQLP

exports[`DivisionDetailContainer should display data of active division 1`] = `
<DocumentFragment>
  <div
    class="form"
  >
    <div
      class="flex row horizontal"
    >
      <div
        class="first formField"
      >
        <label
          aria-labelledby="textfield-Name-label"
          class="division-detail__name mdc-text-field mdc-text-field--upgraded mdc-text-field--outlined"
        >
          <span
            class="mdc-text-field__ripple"
          />
          <input
            class="mdc-text-field__input"
            value="Division 1"
          />
          <div
            class="mdc-notched-outline mdc-notched-outline--upgraded"
            notch="0"
          >
            <div
              class="mdc-notched-outline__leading"
            />
            <div
              class="mdc-notched-outline__notch"
            >
              <span
                class="mdc-floating-label mdc-floating-label--float-above"
                id="textfield-Name-label"
                style="transition-duration: 0s;"
              >
                Name
              </span>
            </div>
            <div
              class="mdc-notched-outline__trailing"
            />
          </div>
        </label>
      </div>
      <div
        class="formField"
      >
        <label
          aria-labelledby="textfield-Icon-label"
          class="mdc-text-field mdc-text-field--upgraded mdc-text-field--outlined mdc-text-field--with-leading-icon mdc-text-field--with-trailing-icon"
        >
          <i
            class="rmwc-icon rmwc-icon--ligature material-icons mdc-text-field__icon mdc-text-field__icon--leading"
          >
            business
          </i>
          <span
            class="mdc-text-field__ripple"
          />
          <input
            class="mdc-text-field__input"
            value="business"
          />
          <div
            class="mdc-notched-outline mdc-notched-outline--upgraded"
            notch="0"
          >
            <div
              class="mdc-notched-outline__leading"
            />
            <div
              class="mdc-notched-outline__notch"
            >
              <span
                class="mdc-floating-label mdc-floating-label--float-above"
                id="textfield-Icon-label"
                style="transition-duration: 0s;"
              >
                Icon
              </span>
            </div>
            <div
              class="mdc-notched-outline__trailing"
            />
          </div>
          <i
            class="rmwc-icon rmwc-icon--ligature material-icons mdc-text-field__icon mdc-text-field__icon--trailing"
            tabindex="0"
          >
            edit
          </i>
        </label>
      </div>
    </div>
  </div>
</DocumentFragment>
`;

exports[`DivisionDetailContainer should not render when there is no active division 1`] = `<DocumentFragment />`;
