// Jest Snapshot v1, https://goo.gl/fbAQLP

exports[`FavoritesList should render favorites 1`] = `
<DocumentFragment>
  <div
    class="data-row registration-line registration-line--readonly"
  >
    <div
      class="data-row__header"
    />
    <div
      class="data-row__column registration-line__time"
    >
      3.00
    </div>
    <div
      class="data-row__column registration-line__content"
    >
      <span
        class="data-row__line2 mdc-typography--subtitle2"
      >
        client 1 - Favorite desc 1
      </span>
    </div>
  </div>
  <div
    class="data-row registration-line registration-line--readonly"
  >
    <div
      class="data-row__header"
    />
    <div
      class="data-row__column registration-line__time"
    >
      2.00
    </div>
    <div
      class="data-row__column registration-line__content"
    >
      <span
        class="data-row__line2 mdc-typography--subtitle2"
      >
        Favorite desc 2
      </span>
    </div>
  </div>
  <div
    class="data-row registration-line registration-line--readonly"
  >
    <div
      class="data-row__header"
    />
    <div
      class="data-row__column registration-line__time"
    >
      2.00
    </div>
    <div
      class="data-row__column registration-line__content"
    >
      <span
        class="data-row__line1 mdc-typography--subtitle1"
      >
        project 1
      </span>
      <span
        class="data-row__line2 mdc-typography--subtitle2"
      >
        Favorite desc 3
      </span>
    </div>
  </div>
</DocumentFragment>
`;

exports[`FavoritesList should render without favorites 1`] = `<DocumentFragment />`;
