// Jest Snapshot v1, https://goo.gl/fbAQLP

exports[`DateSelect should render 1`] = `
<DocumentFragment>
  <div
    class="flex horizontal"
  >
    <div
      class="first formField"
    >
      <div
        class="date-select-year mdc-select mdc-select--outlined"
        role="listbox"
      >
        <div
          class="mdc-select__anchor"
        >
          <i
            class="mdc-select__dropdown-icon"
          />
          <div
            aria-disabled="false"
            aria-haspopup="listbox"
            class="mdc-select__selected-text"
            role="button"
            tabindex="-1"
          >
             
          </div>
          <div
            class="mdc-notched-outline mdc-notched-outline--upgraded"
          >
            <div
              class="mdc-notched-outline__leading"
            />
            <div
              class="mdc-notched-outline__notch"
            >
              <span
                class="mdc-floating-label"
                for="select-Year"
                style="transition-duration: 0s;"
              >
                Year
              </span>
            </div>
            <div
              class="mdc-notched-outline__trailing"
            />
          </div>
          <select
            class="rmwc-select__native-control date-select-year"
            tabindex="0"
          >
            <option
              disabled=""
              selected=""
              value=""
            />
            <option
              value="2020"
            >
              2020
            </option>
            <option
              value="2019"
            >
              2019
            </option>
            <option
              value="2018"
            >
              2018
            </option>
            <option
              value="2017"
            >
              2017
            </option>
            <option
              value="2016"
            >
              2016
            </option>
          </select>
        </div>
      </div>
    </div>
    <div
      class="formField"
    >
      <div
        class="date-select-month mdc-select mdc-select--outlined"
        role="listbox"
      >
        <div
          class="mdc-select__anchor"
        >
          <i
            class="mdc-select__dropdown-icon"
          />
          <div
            aria-disabled="false"
            aria-haspopup="listbox"
            class="mdc-select__selected-text"
            role="button"
            tabindex="-1"
          >
             
          </div>
          <div
            class="mdc-notched-outline mdc-notched-outline--upgraded"
          >
            <div
              class="mdc-notched-outline__leading"
            />
            <div
              class="mdc-notched-outline__notch"
            >
              <span
                class="mdc-floating-label"
                for="select-Month"
                style="transition-duration: 0s;"
              >
                Month
              </span>
            </div>
            <div
              class="mdc-notched-outline__trailing"
            />
          </div>
          <select
            class="rmwc-select__native-control date-select-month"
            tabindex="0"
          >
            <option
              disabled=""
              selected=""
              value=""
            />
            <option
              value="0"
            >
              January
            </option>
            <option
              value="1"
            >
              February
            </option>
            <option
              value="2"
            >
              March
            </option>
            <option
              value="3"
            >
              April
            </option>
            <option
              value="4"
            >
              May
            </option>
            <option
              value="5"
            >
              June
            </option>
            <option
              value="6"
            >
              July
            </option>
            <option
              value="7"
            >
              August
            </option>
            <option
              value="8"
            >
              September
            </option>
            <option
              value="9"
            >
              October
            </option>
            <option
              value="10"
            >
              November
            </option>
            <option
              value="11"
            >
              December
            </option>
          </select>
        </div>
      </div>
    </div>
  </div>
</DocumentFragment>
`;
