// Jest Snapshot v1, https://goo.gl/fbAQLP

exports[`RegistrationLines should render registrations 1`] = `
<DocumentFragment>
  <div
    class="data-row registration-line registration-line--readonly"
  >
    <div
      class="data-row__header"
    >
      <i
        class="rmwc-icon rmwc-icon--ligature material-icons"
        title="Task 1"
      >
        people
      </i>
    </div>
    <div
      class="data-row__column registration-line__time"
    >
      0.00
    </div>
    <div
      class="data-row__column registration-line__content"
    >
      <span
        class="data-row__line1 mdc-typography--subtitle1"
      >
        Project 1
      </span>
      <span
        class="data-row__line2 mdc-typography--subtitle2"
      >
        Client 1 - Registration 1
      </span>
    </div>
  </div>
  <div
    class="data-row registration-line registration-line--readonly"
  >
    <div
      class="data-row__column registration-line__time"
    >
      7.50
    </div>
    <div
      class="data-row__column registration-line__content"
    >
      <span
        class="data-row__line1 mdc-typography--subtitle1"
      >
        Project 1
      </span>
      <span
        class="data-row__line2 mdc-typography--subtitle2"
      >
        Client 1 - Registration 2
      </span>
    </div>
  </div>
  <div
    class="data-row registration-line registration-line--readonly"
  >
    <div
      class="data-row__column registration-line__time"
    >
      0.00
    </div>
    <div
      class="data-row__column registration-line__content"
    >
      <span
        class="data-row__line2 mdc-typography--subtitle2"
      >
        ...
      </span>
    </div>
  </div>
</DocumentFragment>
`;

exports[`RegistrationLines should render without registrations 1`] = `<DocumentFragment />`;
