// Jest Snapshot v1, https://goo.gl/fbAQLP

exports[`TimesheetDays should display registrations for the specified day 1`] = `
<DocumentFragment>
  <div
    class="flex  vertical"
  >
    <div
      style="padding-left: 1em;"
    >
      <h3
        class="mdc-typography--subtitle1"
      >
        Timesheet 
        <a
          href="#"
        >
          March
        </a>
         24, 2020
      </h3>
    </div>
    <div>
      <div
        class="grouped-registration-header"
      >
        <div
          class="grouped-registration-header-label"
        >
          Total time: 0 hours
        </div>
        <div
          class="mdc-menu-surface--anchor"
        >
          <div
            aria-hidden="true"
            class="mdc-menu mdc-menu-surface"
            style="width: 178px;"
          >
            <ul
              class="mdc-list mdc-menu__items mdc-list"
              role="menu"
            >
              <li
                class="mdc-list-divider"
                role="separator"
              />
              <li
                class="mdc-list-item"
                role="menuitem"
                tabindex="0"
              >
                New
              </li>
            </ul>
          </div>
          <button
            class="grouped-registration-header-add-button prevent-propagation mdc-button mdc-button--dense"
          >
            <div
              class="mdc-button__ripple"
            />
            <span
              class="mdc-button__label"
            >
              +
            </span>
          </button>
        </div>
      </div>
      <li
        class="mdc-list-divider"
        role="separator"
      />
    </div>
  </div>
  <div
    class="flex  vertical"
  />
</DocumentFragment>
`;

exports[`TimesheetDays should display registrations for the specified month 1`] = `
<DocumentFragment>
  <div
    class="flex  vertical"
  >
    <div
      style="padding-left: 1em;"
    >
      <h3
        class="mdc-typography--subtitle1"
      >
        Timesheet March 2020
      </h3>
    </div>
    <div
      class="timesheets-header"
    >
      <div
        class="timesheets-header-label"
      >
        Total time: 0 hours
      </div>
      <li
        class="mdc-list-divider"
        role="separator"
      />
    </div>
  </div>
</DocumentFragment>
`;

exports[`TimesheetDays should render without registrations 1`] = `<DocumentFragment />`;

exports[`TimesheetDays should unfold registration when header is clicked 1`] = `
<DocumentFragment>
  <div
    class="flex  vertical"
  >
    <div
      style="padding-left: 1em;"
    >
      <h3
        class="mdc-typography--subtitle1"
      >
        Timesheet March 2020
      </h3>
    </div>
    <div
      class="timesheets-header"
    >
      <div
        class="timesheets-header-label"
      >
        Total time: 0 hours
      </div>
      <li
        class="mdc-list-divider"
        role="separator"
      />
    </div>
  </div>
</DocumentFragment>
`;
